16:26:02  Cible: ecran | 1 - VG34VQL3A | AMD High Definition Audio Device\Device\1 - VG34VQL3A\Render
16:26:02  Applis deplacees : 31860, 21556, 21716, 27280, 7240
16:26:06  Cible: ecran | 1 - VG34VQL3A | AMD High Definition Audio Device\Device\1 - VG34VQL3A\Render
16:26:07  Applis deplacees : 31860, 21556, 21716, 27280, 7240
16:26:13  Cible: casque | Haut-parleurs | Razer BlackShark V2 X USB\Device\Haut-parleurs\Render
16:26:13  Applis deplacees : 31860, 21556, 21716, 27280, 7240
16:26:17  Cible: ecran | 1 - VG34VQL3A | AMD High Definition Audio Device\Device\1 - VG34VQL3A\Render
16:26:17  Applis deplacees : 31860, 21556, 21716, 27280, 7240
16:26:45  Cible: ecran | 1 - VG34VQL3A | AMD High Definition Audio Device\Device\1 - VG34VQL3A\Render
16:26:46  Applis deplacees : 31860, 21556, 21716, 39320, 27280, 7240
16:26:48  Cible: casque | Haut-parleurs | Razer BlackShark V2 X USB\Device\Haut-parleurs\Render
16:26:49  Applis deplacees : 31860, 21556, 21716, 39320, 27280, 7240
16:26:51  Cible: ecran | 1 - VG34VQL3A | AMD High Definition Audio Device\Device\1 - VG34VQL3A\Render
16:26:51  Applis deplacees : 31860, 21556, 21716, 39320, 27280, 7240
16:26:56  Cible: casque | Haut-parleurs | Razer BlackShark V2 X USB\Device\Haut-parleurs\Render
16:26:57  Applis deplacees : 31860, 21556, 21716, 39320, 27280, 7240
16:26:59  Cible: casque | Haut-parleurs | Razer BlackShark V2 X USB\Device\Haut-parleurs\Render
16:27:00  Applis deplacees : 31860, 21556, 21716, 39320, 27280, 7240
16:27:01  Cible: ecran | 1 - VG34VQL3A | AMD High Definition Audio Device\Device\1 - VG34VQL3A\Render
16:27:02  Applis deplacees : 31860, 21556, 21716, 39320, 27280, 7240
16:41:00  Cible: ecran | 1 - VG34VQL3A | AMD High Definition Audio Device\Device\1 - VG34VQL3A\Render
16:41:00  Applis deplacees : 31860, 21556, 21716, 39320, 27280, 7240
16:41:03  Cible: casque | Haut-parleurs | Razer BlackShark V2 X USB\Device\Haut-parleurs\Render
16:41:03  Applis deplacees : 31860, 21556, 21716, 39320, 27280, 7240
16:41:06  Cible: ecran | 1 - VG34VQL3A | AMD High Definition Audio Device\Device\1 - VG34VQL3A\Render
16:41:07  Applis deplacees : 31860, 21556, 21716, 39320, 27280, 7240
16:45:12  Cible: casque | Haut-parleurs | Razer BlackShark V2 X USB\Device\Haut-parleurs\Render
16:45:13  Applis deplacees : 31860, 21556, 21716, 39320, 27280, 7240
17:16:32  Cible: ecran | 1 - VG34VQL3A | AMD High Definition Audio Device\Device\1 - VG34VQL3A\Render
17:16:33  Applis deplacees : 31860, 32276, 21556, 21716, 39320, 27280, 7240
17:16:38  Cible: casque | Haut-parleurs | Razer BlackShark V2 X USB\Device\Haut-parleurs\Render
17:16:38  Applis deplacees : 32276, 21556, 39320, 27280
17:16:42  Cible: ecran | 1 - VG34VQL3A | AMD High Definition Audio Device\Device\1 - VG34VQL3A\Render
17:16:43  Applis deplacees : 31860, 32276, 21556, 21716, 39320, 27280, 7240
17:16:50  Cible: casque | Haut-parleurs | Razer BlackShark V2 X USB\Device\Haut-parleurs\Render
17:16:50  Applis deplacees : 32276, 21556, 39320, 27280
17:16:54  Cible: ecran | 1 - VG34VQL3A | AMD High Definition Audio Device\Device\1 - VG34VQL3A\Render
17:16:55  Applis deplacees : 31860, 32276, 21556, 21716, 39320, 27280, 7240
17:16:59  Cible: casque | Haut-parleurs | Razer BlackShark V2 X USB\Device\Haut-parleurs\Render
17:17:00  Applis deplacees : 32276, 21556, 39320, 27280
17:17:04  Cible: ecran | 1 - VG34VQL3A | AMD High Definition Audio Device\Device\1 - VG34VQL3A\Render
17:17:05  Applis deplacees : 31860, 32276, 21556, 21716, 39320, 27280, 7240
